// Jest Snapshot v1, https://goo.gl/fbAQLP

exports[`Testing CloseButton Renders close button 1`] = `
<RCTSafeAreaView
  emulateUnlessSupported={true}
  style={
    Array [
      Object {},
    ]
  }
>
  <View
    accessible={true}
    focusable={false}
    onClick={[Function]}
    onResponderGrant={[Function]}
    onResponderMove={[Function]}
    onResponderRelease={[Function]}
    onResponderTerminate={[Function]}
    onResponderTerminationRequest={[Function]}
    onStartShouldSetResponder={[Function]}
    style={
      Object {
        "alignItems": "center",
        "backgroundColor": "#F7F1E9",
        "borderRadius": 6,
        "height": 35,
        "justifyContent": "center",
        "opacity": 1,
        "width": 35,
      }
    }
  >
    <Text
      style={
        Array [
          Object {
            "fontSize": 20,
          },
        ]
      }
    >
      X
    </Text>
  </View>
</RCTSafeAreaView>
`;
